[0.000000] (-) TimerEvent: {}
[0.000215] (-) JobUnselected: {'identifier': 'perception_msgs'}
[0.000241] (lidar_perception) JobQueued: {'identifier': 'lidar_perception', 'dependencies': OrderedDict()}
[0.000500] (lidar_perception) JobStarted: {'identifier': 'lidar_perception'}
[0.099750] (-) TimerEvent: {}
[0.199980] (-) TimerEvent: {}
[0.300227] (-) TimerEvent: {}
[0.400452] (-) TimerEvent: {}
[0.500644] (-) TimerEvent: {}
[0.584571] (lidar_perception) Command: {'cmd': ['/usr/bin/python3', '-W', 'ignore:setup.py install is deprecated', '-W', 'ignore:easy_install command is deprecated', 'setup.py', 'develop', '--editable', '--build-directory', '/home/donfisto/perception_ws/build/lidar_perception/build', '--no-deps', 'symlink_data'], 'cwd': '/home/donfisto/perception_ws/build/lidar_perception', 'env': {'CONDA_PROMPT_MODIFIER': '(base)', 'USER': 'donfisto', 'GZ_SIM_RESOURCE_PATH': '/opt/ros/jazzy/share', 'STARSHIP_SHELL': 'zsh', 'GZ_CONFIG_PATH': '/opt/ros/jazzy/opt/gz_sim_vendor/share/gz:/opt/ros/jazzy/opt/sdformat_vendor/share/gz:/opt/ros/jazzy/opt/gz_gui_vendor/share/gz:/opt/ros/jazzy/opt/gz_transport_vendor/share/gz:/opt/ros/jazzy/opt/gz_rendering_vendor/share/gz:/opt/ros/jazzy/opt/gz_plugin_vendor/share/gz:/opt/ros/jazzy/opt/gz_fuel_tools_vendor/share/gz:/opt/ros/jazzy/opt/gz_msgs_vendor/share/gz:/opt/ros/jazzy/opt/gz_common_vendor/share/gz', 'XDG_SESSION_TYPE': 'x11', 'CLUTTER_DISABLE_MIPMAPPED_TEXT': '1', 'SHLVL': '1', 'LD_LIBRARY_PATH': '/opt/ros/jazzy/opt/gz_sim_vendor/lib:/opt/ros/jazzy/opt/gz_sensors_vendor/lib:/opt/ros/jazzy/opt/gz_physics_vendor/lib:/opt/ros/jazzy/opt/sdformat_vendor/lib:/opt/ros/jazzy/opt/rviz_ogre_vendor/lib:/opt/ros/jazzy/lib/x86_64-linux-gnu:/opt/ros/jazzy/opt/gz_gui_vendor/lib:/opt/ros/jazzy/opt/gz_transport_vendor/lib:/opt/ros/jazzy/opt/gz_rendering_vendor/lib:/opt/ros/jazzy/opt/gz_plugin_vendor/lib:/opt/ros/jazzy/opt/gz_fuel_tools_vendor/lib:/opt/ros/jazzy/opt/gz_msgs_vendor/lib:/opt/ros/jazzy/opt/gz_common_vendor/lib:/opt/ros/jazzy/opt/gz_math_vendor/lib:/opt/ros/jazzy/opt/gz_utils_vendor/lib:/opt/ros/jazzy/opt/gz_tools_vendor/lib:/opt/ros/jazzy/opt/gz_ogre_next_vendor/lib:/opt/ros/jazzy/opt/gz_dartsim_vendor/lib:/opt/ros/jazzy/opt/gz_cmake_vendor/lib:/opt/ros/jazzy/lib', 'HOME': '/home/donfisto', 'OLDPWD': '/home/donfisto/formula-driverless-perception/src/perception', 'CONDA_SHLVL': '1', 'DESKTOP_SESSION': 'ubuntu', 'GTK_MODULES': 'gail:atk-bridge', 'GNOME_SHELL_SESSION_MODE': 'ubuntu', 'ROS_PYTHON_VERSION': '3', 'SYSTEMD_EXEC_PID': '23073', 'DBUS_SESSION_BUS_ADDRESS': 'unix:path=/run/user/1000/bus', 'GSM_SKIP_SSH_AGENT_WORKAROUND': 'true', 'COLORTERM': 'truecolor', '_CE_M': '', '_CONDA_ROOT': '/home/donfisto/miniconda3', 'DEBUGINFOD_URLS': 'https://debuginfod.ubuntu.com', 'ROS_DISTRO': 'jazzy', 'COLCON_PREFIX_PATH': '/home/donfisto/gazebo_ws/install', 'LOGNAME': 'donfisto', '_': '/usr/bin/colcon', 'MEMORY_PRESSURE_WATCH': '/sys/fs/cgroup/user.slice/user-1000.slice/user@1000.service/session.slice/org.gnome.Shell@x11.service/memory.pressure', 'XDG_SESSION_CLASS': 'user', 'ROS_VERSION': '2', 'USERNAME': 'donfisto', 'TERM': 'xterm-256color', 'GNOME_DESKTOP_SESSION_ID': 'this-is-deprecated', '_CE_CONDA': '', 'WINDOWPATH': '2', 'PATH': '/opt/ros/jazzy/opt/gz_msgs_vendor/bin:/opt/ros/jazzy/opt/gz_tools_vendor/bin:/opt/ros/jazzy/opt/gz_ogre_next_vendor/bin:/opt/ros/jazzy/bin:/home/donfisto/miniconda3/bin:/home/donfisto/miniconda3/condabin:/home/donfisto/.local/bin:/usr/local/sbin:/usr/local/bin:/usr/sbin:/usr/bin:/sbin:/bin:/usr/games:/usr/local/games:/snap/bin:/snap/bin:/home/donfisto/.local/bin', 'SESSION_MANAGER': 'local/donfisto-Vector-16-HX-AI-A2XWHG:@/tmp/.ICE-unix/23029,unix/donfisto-Vector-16-HX-AI-A2XWHG:/tmp/.ICE-unix/23029', 'GNOME_TERMINAL_SCREEN': '/org/gnome/Terminal/screen/d38d5baf_4734_4b41_9c6f_12a3ed90a265', 'XDG_MENU_PREFIX': 'gnome-', 'XDG_RUNTIME_DIR': '/run/user/1000', 'DISPLAY': ':1', 'XDG_CURRENT_DESKTOP': 'ubuntu:GNOME', 'LANG': 'en_US.UTF-8', 'XDG_SESSION_DESKTOP': 'ubuntu', 'GNOME_TERMINAL_SERVICE': ':1.117', 'XMODIFIERS': '@im=ibus', 'XAUTHORITY': '/run/user/1000/gdm/Xauthority', 'SSH_AUTH_SOCK': '/run/user/1000/keyring/ssh', 'CONDA_PYTHON_EXE': '/home/donfisto/miniconda3/bin/python', 'AMENT_PREFIX_PATH': '/home/donfisto/gazebo_ws/install/fs_robot_description_jazzy:/home/donfisto/gazebo_ws/install/fs_robot_description:/home/donfisto/gazebo_ws/install/fs_basic_robot:/opt/ros/jazzy', 'SHELL': '/usr/bin/zsh', 'QT_ACCESSIBILITY': '1', 'GDMSESSION': 'ubuntu', 'CONDA_DEFAULT_ENV': 'base', 'GPG_AGENT_INFO': '/run/user/1000/gnupg/S.gpg-agent:0:1', '_CONDA_EXE': '/home/donfisto/miniconda3/bin/conda', 'QT_IM_MODULE': 'ibus', 'ROS_AUTOMATIC_DISCOVERY_RANGE': 'SUBNET', 'PWD': '/home/donfisto/perception_ws/build/lidar_perception', 'XDG_CONFIG_DIRS': '/etc/xdg/xdg-ubuntu:/etc/xdg', 'XDG_DATA_DIRS': '/usr/share/ubuntu:/usr/share/gnome:/home/donfisto/.local/share/flatpak/exports/share:/var/lib/flatpak/exports/share:/usr/local/share/:/usr/share/:/var/lib/snapd/desktop', 'CONDA_EXE': '/home/donfisto/miniconda3/bin/conda', 'STARSHIP_SESSION_KEY': '7539183272692158', 'PYTHONPATH': '/home/donfisto/perception_ws/build/lidar_perception/prefix_override:/usr/lib/python3/dist-packages/colcon_core/task/python/colcon_distutils_commands:/home/donfisto/perception_ws/install/lidar_perception/lib/python3.12/site-packages:/home/donfisto/gazebo_ws/build/fs_robot_description:/home/donfisto/gazebo_ws/install/fs_robot_description/lib/python3.12/site-packages:/opt/ros/jazzy/lib/python3.12/site-packages', 'CONDA_PREFIX': '/home/donfisto/miniconda3', 'COLCON': '1', 'MEMORY_PRESSURE_WRITE': 'c29tZSAyMDAwMDAgMjAwMDAwMAA=', 'VTE_VERSION': '7600', 'CMAKE_PREFIX_PATH': '/home/donfisto/gazebo_ws/install/fs_robot_description_jazzy:/home/donfisto/gazebo_ws/install/fs_basic_robot:/opt/ros/jazzy/opt/gz_sim_vendor:/opt/ros/jazzy/opt/gz_sensors_vendor:/opt/ros/jazzy/opt/gz_physics_vendor:/opt/ros/jazzy/opt/sdformat_vendor:/opt/ros/jazzy/opt/gz_gui_vendor:/opt/ros/jazzy/opt/gz_transport_vendor:/opt/ros/jazzy/opt/gz_rendering_vendor:/opt/ros/jazzy/opt/gz_plugin_vendor:/opt/ros/jazzy/opt/gz_fuel_tools_vendor:/opt/ros/jazzy/opt/gz_msgs_vendor:/opt/ros/jazzy/opt/gz_common_vendor:/opt/ros/jazzy/opt/gz_math_vendor:/opt/ros/jazzy/opt/gz_utils_vendor:/opt/ros/jazzy/opt/gz_tools_vendor:/opt/ros/jazzy/opt/gz_ogre_next_vendor:/opt/ros/jazzy/opt/gz_dartsim_vendor:/opt/ros/jazzy/opt/gz_cmake_vendor'}, 'shell': False}
[0.600708] (-) TimerEvent: {}
[0.700872] (-) TimerEvent: {}
[0.760073] (lidar_perception) StdoutLine: {'line': b'running develop\n'}
[0.800983] (-) TimerEvent: {}
[0.865263] (lidar_perception) StdoutLine: {'line': b'running egg_info\n'}
[0.875373] (lidar_perception) StdoutLine: {'line': b'writing lidar_perception.egg-info/PKG-INFO\n'}
[0.875482] (lidar_perception) StdoutLine: {'line': b'writing dependency_links to lidar_perception.egg-info/dependency_links.txt\n'}
[0.875551] (lidar_perception) StdoutLine: {'line': b'writing entry points to lidar_perception.egg-info/entry_points.txt\n'}
[0.875597] (lidar_perception) StdoutLine: {'line': b'writing requirements to lidar_perception.egg-info/requires.txt\n'}
[0.875641] (lidar_perception) StdoutLine: {'line': b'writing top-level names to lidar_perception.egg-info/top_level.txt\n'}
[0.893161] (lidar_perception) StdoutLine: {'line': b"reading manifest file 'lidar_perception.egg-info/SOURCES.txt'\n"}
[0.894428] (lidar_perception) StdoutLine: {'line': b"writing manifest file 'lidar_perception.egg-info/SOURCES.txt'\n"}
[0.901063] (-) TimerEvent: {}
[0.904687] (lidar_perception) StdoutLine: {'line': b'running build_ext\n'}
[0.904937] (lidar_perception) StdoutLine: {'line': b'Creating /home/donfisto/perception_ws/install/lidar_perception/lib/python3.12/site-packages/lidar-perception.egg-link (link to .)\n'}
[0.905139] (lidar_perception) StdoutLine: {'line': b'Installing obstacle_node script to /home/donfisto/perception_ws/install/lidar_perception/lib/lidar_perception\n'}
[0.905219] (lidar_perception) StdoutLine: {'line': b'Installing scan_to_cloud_node script to /home/donfisto/perception_ws/install/lidar_perception/lib/lidar_perception\n'}
[0.905273] (lidar_perception) StdoutLine: {'line': b'\n'}
[0.905322] (lidar_perception) StdoutLine: {'line': b'Installed /home/donfisto/perception_ws/build/lidar_perception\n'}
[0.905371] (lidar_perception) StdoutLine: {'line': b'running symlink_data\n'}
[0.924531] (lidar_perception) CommandEnded: {'returncode': 0}
[0.931777] (lidar_perception) JobEnded: {'identifier': 'lidar_perception', 'rc': 0}
[0.932217] (-) EventReactorShutdown: {}
