[0.013s] Invoking command in '/home/donfisto/gazebo_ws/build/fs_basic_robot': CMAKE_PREFIX_PATH=${CMAKE_PREFIX_PATH}:/opt/ros/humble /usr/bin/cmake --build /home/donfisto/gazebo_ws/build/fs_basic_robot -- -j20 -l20
[0.083s] Invoked command in '/home/donfisto/gazebo_ws/build/fs_basic_robot' returned '0': CMAKE_PREFIX_PATH=${CMAKE_PREFIX_PATH}:/opt/ros/humble /usr/bin/cmake --build /home/donfisto/gazebo_ws/build/fs_basic_robot -- -j20 -l20
[0.098s] Invoking command in '/home/donfisto/gazebo_ws/build/fs_basic_robot': CMAKE_PREFIX_PATH=${CMAKE_PREFIX_PATH}:/opt/ros/humble /usr/bin/cmake --install /home/donfisto/gazebo_ws/build/fs_basic_robot
[0.108s] -- Install configuration: ""
[0.108s] -- Up-to-date: /home/donfisto/gazebo_ws/install/fs_basic_robot/share/fs_basic_robot/launch
[0.108s] -- Up-to-date: /home/donfisto/gazebo_ws/install/fs_basic_robot/share/fs_basic_robot/launch/sim.launch.py
[0.108s] -- Up-to-date: /home/donfisto/gazebo_ws/install/fs_basic_robot/share/fs_basic_robot/urdf
[0.108s] -- Up-to-date: /home/donfisto/gazebo_ws/install/fs_basic_robot/share/fs_basic_robot/urdf/fs_basic_lidar.urdf
[0.108s] -- Up-to-date: /home/donfisto/gazebo_ws/install/fs_basic_robot/share/fs_basic_robot/worlds
[0.108s] -- Up-to-date: /home/donfisto/gazebo_ws/install/fs_basic_robot/share/fs_basic_robot/rviz
[0.109s] -- Up-to-date: /home/donfisto/gazebo_ws/install/fs_basic_robot/share/ament_index/resource_index/package_run_dependencies/fs_basic_robot
[0.109s] -- Up-to-date: /home/donfisto/gazebo_ws/install/fs_basic_robot/share/ament_index/resource_index/parent_prefix_path/fs_basic_robot
[0.109s] -- Up-to-date: /home/donfisto/gazebo_ws/install/fs_basic_robot/share/fs_basic_robot/environment/ament_prefix_path.sh
[0.109s] -- Up-to-date: /home/donfisto/gazebo_ws/install/fs_basic_robot/share/fs_basic_robot/environment/ament_prefix_path.dsv
[0.109s] -- Up-to-date: /home/donfisto/gazebo_ws/install/fs_basic_robot/share/fs_basic_robot/environment/path.sh
[0.109s] -- Up-to-date: /home/donfisto/gazebo_ws/install/fs_basic_robot/share/fs_basic_robot/environment/path.dsv
[0.109s] -- Up-to-date: /home/donfisto/gazebo_ws/install/fs_basic_robot/share/fs_basic_robot/local_setup.bash
[0.109s] -- Up-to-date: /home/donfisto/gazebo_ws/install/fs_basic_robot/share/fs_basic_robot/local_setup.sh
[0.109s] -- Up-to-date: /home/donfisto/gazebo_ws/install/fs_basic_robot/share/fs_basic_robot/local_setup.zsh
[0.109s] -- Up-to-date: /home/donfisto/gazebo_ws/install/fs_basic_robot/share/fs_basic_robot/local_setup.dsv
[0.109s] -- Up-to-date: /home/donfisto/gazebo_ws/install/fs_basic_robot/share/fs_basic_robot/package.dsv
[0.109s] -- Up-to-date: /home/donfisto/gazebo_ws/install/fs_basic_robot/share/ament_index/resource_index/packages/fs_basic_robot
[0.110s] -- Up-to-date: /home/donfisto/gazebo_ws/install/fs_basic_robot/share/fs_basic_robot/cmake/fs_basic_robotConfig.cmake
[0.110s] -- Up-to-date: /home/donfisto/gazebo_ws/install/fs_basic_robot/share/fs_basic_robot/cmake/fs_basic_robotConfig-version.cmake
[0.110s] -- Up-to-date: /home/donfisto/gazebo_ws/install/fs_basic_robot/share/fs_basic_robot/package.xml
[0.111s] Invoked command in '/home/donfisto/gazebo_ws/build/fs_basic_robot' returned '0': CMAKE_PREFIX_PATH=${CMAKE_PREFIX_PATH}:/opt/ros/humble /usr/bin/cmake --install /home/donfisto/gazebo_ws/build/fs_basic_robot
