-- The C compiler identification is GNU 13.3.0
-- The CXX compiler identification is GNU 13.3.0
-- Detecting C compiler ABI info
-- Detecting C compiler ABI info - done
-- Check for working C compiler: /usr/bin/cc - skipped
-- Detecting C compile features
-- Detecting C compile features - done
-- Detecting CXX compiler ABI info
-- Detecting CXX compiler ABI info - done
-- Check for working CXX compiler: /usr/bin/c++ - skipped
-- Detecting CXX compile features
-- Detecting CXX compile features - done
-- Found ament_cmake: 2.5.6 (/opt/ros/jazzy/share/ament_cmake/cmake)
-- Found Python3: /usr/bin/python3 (found version "3.12.3") found components: Interpreter 
-- Override CMake install command with custom implementation using symlinks instead of copying resources
-- Configuring done (1.0s)
-- Generating done (0.0s)
-- Build files have been written to: /home/donfisto/gazebo_ws/build/fs_robot_description_jazzy
-- Install configuration: ""
-- Execute custom install script
-- Symlinking: /home/donfisto/gazebo_ws/install/fs_robot_description_jazzy/share/fs_robot_description_jazzy/worlds/flexirover_world.sdf
-- Symlinking: /home/donfisto/gazebo_ws/install/fs_robot_description_jazzy/share/ament_index/resource_index/package_run_dependencies/fs_robot_description_jazzy
-- Symlinking: /home/donfisto/gazebo_ws/install/fs_robot_description_jazzy/share/ament_index/resource_index/parent_prefix_path/fs_robot_description_jazzy
-- Symlinking: /home/donfisto/gazebo_ws/install/fs_robot_description_jazzy/share/fs_robot_description_jazzy/environment/ament_prefix_path.sh
-- Symlinking: /home/donfisto/gazebo_ws/install/fs_robot_description_jazzy/share/fs_robot_description_jazzy/environment/ament_prefix_path.dsv
-- Symlinking: /home/donfisto/gazebo_ws/install/fs_robot_description_jazzy/share/fs_robot_description_jazzy/environment/path.sh
-- Symlinking: /home/donfisto/gazebo_ws/install/fs_robot_description_jazzy/share/fs_robot_description_jazzy/environment/path.dsv
-- Symlinking: /home/donfisto/gazebo_ws/install/fs_robot_description_jazzy/share/fs_robot_description_jazzy/local_setup.bash
-- Symlinking: /home/donfisto/gazebo_ws/install/fs_robot_description_jazzy/share/fs_robot_description_jazzy/local_setup.sh
-- Symlinking: /home/donfisto/gazebo_ws/install/fs_robot_description_jazzy/share/fs_robot_description_jazzy/local_setup.zsh
-- Symlinking: /home/donfisto/gazebo_ws/install/fs_robot_description_jazzy/share/fs_robot_description_jazzy/local_setup.dsv
-- Symlinking: /home/donfisto/gazebo_ws/install/fs_robot_description_jazzy/share/fs_robot_description_jazzy/package.dsv
-- Symlinking: /home/donfisto/gazebo_ws/install/fs_robot_description_jazzy/share/ament_index/resource_index/packages/fs_robot_description_jazzy
-- Symlinking: /home/donfisto/gazebo_ws/install/fs_robot_description_jazzy/share/fs_robot_description_jazzy/cmake/fs_robot_description_jazzyConfig.cmake
-- Symlinking: /home/donfisto/gazebo_ws/install/fs_robot_description_jazzy/share/fs_robot_description_jazzy/cmake/fs_robot_description_jazzyConfig-version.cmake
-- Symlinking: /home/donfisto/gazebo_ws/install/fs_robot_description_jazzy/share/fs_robot_description_jazzy/package.xml
