[0.000000] (-) TimerEvent: {}
[0.000821] (-) JobUnselected: {'identifier': 'perception_msgs'}
[0.000979] (lidar_perception) JobQueued: {'identifier': 'lidar_perception', 'dependencies': OrderedDict()}
[0.001014] (lidar_perception) JobStarted: {'identifier': 'lidar_perception'}
[0.099839] (-) TimerEvent: {}
[0.200283] (-) TimerEvent: {}
[0.300633] (-) TimerEvent: {}
[0.401055] (-) TimerEvent: {}
[0.501399] (-) TimerEvent: {}
[0.601785] (-) TimerEvent: {}
[0.702217] (-) TimerEvent: {}
[0.727773] (lidar_perception) Command: {'cmd': ['/usr/bin/python3', '-W', 'ignore:setup.py install is deprecated', '-W', 'ignore:easy_install command is deprecated', 'setup.py', 'develop', '--editable', '--build-directory', '/home/donfisto/perception_ws/build/lidar_perception/build', '--no-deps', 'symlink_data'], 'cwd': '/home/donfisto/perception_ws/build/lidar_perception', 'env': {'GJS_DEBUG_TOPICS': 'JS ERROR;JS LOG', 'CONDA_PROMPT_MODIFIER': '(base)', 'USER': 'donfisto', 'GZ_SIM_RESOURCE_PATH': '/opt/ros/jazzy/share', 'STARSHIP_SHELL': 'zsh', 'GZ_CONFIG_PATH': '/opt/ros/jazzy/opt/gz_sim_vendor/share/gz:/opt/ros/jazzy/opt/sdformat_vendor/share/gz:/opt/ros/jazzy/opt/gz_gui_vendor/share/gz:/opt/ros/jazzy/opt/gz_transport_vendor/share/gz:/opt/ros/jazzy/opt/gz_rendering_vendor/share/gz:/opt/ros/jazzy/opt/gz_plugin_vendor/share/gz:/opt/ros/jazzy/opt/gz_fuel_tools_vendor/share/gz:/opt/ros/jazzy/opt/gz_msgs_vendor/share/gz:/opt/ros/jazzy/opt/gz_common_vendor/share/gz', 'XDG_SESSION_TYPE': 'x11', 'SHLVL': '1', 'CLUTTER_DISABLE_MIPMAPPED_TEXT': '1', 'LD_LIBRARY_PATH': '/home/donfisto/perception_ws/install/perception_msgs/lib:/opt/ros/jazzy/opt/gz_sim_vendor/lib:/opt/ros/jazzy/opt/gz_sensors_vendor/lib:/opt/ros/jazzy/opt/gz_physics_vendor/lib:/opt/ros/jazzy/opt/sdformat_vendor/lib:/opt/ros/jazzy/opt/rviz_ogre_vendor/lib:/opt/ros/jazzy/lib/x86_64-linux-gnu:/opt/ros/jazzy/opt/gz_gui_vendor/lib:/opt/ros/jazzy/opt/gz_transport_vendor/lib:/opt/ros/jazzy/opt/gz_rendering_vendor/lib:/opt/ros/jazzy/opt/gz_plugin_vendor/lib:/opt/ros/jazzy/opt/gz_fuel_tools_vendor/lib:/opt/ros/jazzy/opt/gz_msgs_vendor/lib:/opt/ros/jazzy/opt/gz_common_vendor/lib:/opt/ros/jazzy/opt/gz_math_vendor/lib:/opt/ros/jazzy/opt/gz_utils_vendor/lib:/opt/ros/jazzy/opt/gz_tools_vendor/lib:/opt/ros/jazzy/opt/gz_ogre_next_vendor/lib:/opt/ros/jazzy/opt/gz_dartsim_vendor/lib:/opt/ros/jazzy/opt/gz_cmake_vendor/lib:/opt/ros/jazzy/lib', 'HOME': '/home/donfisto', 'TERMINFO': '/usr/lib/kitty/terminfo', 'OLDPWD': '/home/donfisto', 'CONDA_SHLVL': '1', 'DESKTOP_SESSION': 'ubuntu', 'KITTY_INSTALLATION_DIR': '/usr/lib/kitty', 'GIO_LAUNCHED_DESKTOP_FILE': '/usr/share/applications/kitty.desktop', 'GTK_MODULES': 'gail:atk-bridge', 'GNOME_SHELL_SESSION_MODE': 'ubuntu', 'ROS_PYTHON_VERSION': '3', 'MANAGERPID': '3347', 'KITTY_PID': '6606', 'DBUS_SESSION_BUS_ADDRESS': 'unix:path=/run/user/1000/bus', 'GSM_SKIP_SSH_AGENT_WORKAROUND': 'true', 'SYSTEMD_EXEC_PID': '3810', 'GIO_LAUNCHED_DESKTOP_FILE_PID': '6606', 'COLORTERM': 'truecolor', '_CE_M': '', '_CONDA_ROOT': '/home/donfisto/miniconda3', 'DEBUGINFOD_URLS': 'https://debuginfod.ubuntu.com', 'ROS_DISTRO': 'jazzy', 'COLCON_PREFIX_PATH': '/home/donfisto/perception_ws/install', 'LOGNAME': 'donfisto', 'JOURNAL_STREAM': '9:30178', 'WINDOWID': '41943054', '_': '/usr/bin/colcon', 'XDG_SESSION_CLASS': 'user', 'MEMORY_PRESSURE_WATCH': '/sys/fs/cgroup/user.slice/user-1000.slice/user@1000.service/session.slice/org.gnome.Shell@x11.service/memory.pressure', 'ROS_VERSION': '2', 'USERNAME': 'donfisto', 'TERM': 'xterm-kitty', 'KITTY_PUBLIC_KEY': '1:w|USGS;v44G^J0`Esy8P#4Z^>@qJgP{MATAI)wQM', 'GNOME_DESKTOP_SESSION_ID': 'this-is-deprecated', '_CE_CONDA': '', 'WINDOWPATH': '2', 'PATH': '/opt/ros/jazzy/opt/gz_msgs_vendor/bin:/opt/ros/jazzy/opt/gz_tools_vendor/bin:/opt/ros/jazzy/opt/gz_ogre_next_vendor/bin:/opt/ros/jazzy/bin:/home/donfisto/miniconda3/bin:/home/donfisto/miniconda3/condabin:/home/donfisto/.local/bin:/usr/local/sbin:/usr/local/bin:/usr/sbin:/usr/bin:/sbin:/bin:/usr/games:/usr/local/games:/snap/bin:/snap/bin:/home/donfisto/.local/bin', 'SESSION_MANAGER': 'local/donfisto-Vector-16-HX-AI-A2XWHG:@/tmp/.ICE-unix/3772,unix/donfisto-Vector-16-HX-AI-A2XWHG:/tmp/.ICE-unix/3772', 'INVOCATION_ID': '03199fe3d9694b069792a9e5765983b4', 'XDG_RUNTIME_DIR': '/run/user/1000', 'XDG_MENU_PREFIX': 'gnome-', 'DISPLAY': ':1', 'LANG': 'en_US.UTF-8', 'XDG_CURRENT_DESKTOP': 'ubuntu:GNOME', 'XAUTHORITY': '/run/user/1000/gdm/Xauthority', 'XDG_SESSION_DESKTOP': 'ubuntu', 'XMODIFIERS': '@im=ibus', 'SSH_AUTH_SOCK': '/run/user/1000/keyring/ssh', 'CONDA_PYTHON_EXE': '/home/donfisto/miniconda3/bin/python', 'AMENT_PREFIX_PATH': '/home/donfisto/perception_ws/install/perception_msgs:/home/donfisto/perception_ws/install/lidar_perception:/opt/ros/jazzy', 'SHELL': '/usr/bin/zsh', 'QT_ACCESSIBILITY': '1', 'GDMSESSION': 'ubuntu', 'KITTY_WINDOW_ID': '1', 'CONDA_DEFAULT_ENV': 'base', 'GPG_AGENT_INFO': '/run/user/1000/gnupg/S.gpg-agent:0:1', 'GJS_DEBUG_OUTPUT': 'stderr', '_CONDA_EXE': '/home/donfisto/miniconda3/bin/conda', 'QT_IM_MODULE': 'ibus', 'ROS_AUTOMATIC_DISCOVERY_RANGE': 'SUBNET', 'PWD': '/home/donfisto/perception_ws/build/lidar_perception', 'XDG_DATA_DIRS': '/usr/share/ubuntu:/usr/share/gnome:/home/donfisto/.local/share/flatpak/exports/share:/var/lib/flatpak/exports/share:/usr/local/share/:/usr/share/:/var/lib/snapd/desktop', 'XDG_CONFIG_DIRS': '/etc/xdg/xdg-ubuntu:/etc/xdg', 'CONDA_EXE': '/home/donfisto/miniconda3/bin/conda', 'STARSHIP_SESSION_KEY': '1599918257285912', 'PYTHONPATH': '/home/donfisto/perception_ws/build/lidar_perception/prefix_override:/usr/lib/python3/dist-packages/colcon_core/task/python/colcon_distutils_commands:/home/donfisto/perception_ws/install/lidar_perception/lib/python3.12/site-packages:/home/donfisto/perception_ws/install/perception_msgs/lib/python3.12/site-packages:/home/donfisto/perception_ws/build/lidar_perception:/home/donfisto/perception_ws/install/lidar_perception/lib/python3.12/site-packages:/opt/ros/jazzy/lib/python3.12/site-packages', 'CONDA_PREFIX': '/home/donfisto/miniconda3', 'COLCON': '1', 'MEMORY_PRESSURE_WRITE': 'c29tZSAyMDAwMDAgMjAwMDAwMAA=', 'CMAKE_PREFIX_PATH': '/home/donfisto/perception_ws/install/perception_msgs:/opt/ros/jazzy/opt/gz_sim_vendor:/opt/ros/jazzy/opt/gz_sensors_vendor:/opt/ros/jazzy/opt/gz_physics_vendor:/opt/ros/jazzy/opt/sdformat_vendor:/opt/ros/jazzy/opt/gz_gui_vendor:/opt/ros/jazzy/opt/gz_transport_vendor:/opt/ros/jazzy/opt/gz_rendering_vendor:/opt/ros/jazzy/opt/gz_plugin_vendor:/opt/ros/jazzy/opt/gz_fuel_tools_vendor:/opt/ros/jazzy/opt/gz_msgs_vendor:/opt/ros/jazzy/opt/gz_common_vendor:/opt/ros/jazzy/opt/gz_math_vendor:/opt/ros/jazzy/opt/gz_utils_vendor:/opt/ros/jazzy/opt/gz_tools_vendor:/opt/ros/jazzy/opt/gz_ogre_next_vendor:/opt/ros/jazzy/opt/gz_dartsim_vendor:/opt/ros/jazzy/opt/gz_cmake_vendor'}, 'shell': False}
[0.802324] (-) TimerEvent: {}
[0.902701] (-) TimerEvent: {}
[1.003070] (-) TimerEvent: {}
[1.021780] (lidar_perception) StdoutLine: {'line': b'running develop\n'}
[1.103211] (-) TimerEvent: {}
[1.164490] (lidar_perception) StdoutLine: {'line': b'running egg_info\n'}
[1.177999] (lidar_perception) StdoutLine: {'line': b'writing lidar_perception.egg-info/PKG-INFO\n'}
[1.178286] (lidar_perception) StdoutLine: {'line': b'writing dependency_links to lidar_perception.egg-info/dependency_links.txt\n'}
[1.178429] (lidar_perception) StdoutLine: {'line': b'writing entry points to lidar_perception.egg-info/entry_points.txt\n'}
[1.178635] (lidar_perception) StdoutLine: {'line': b'writing requirements to lidar_perception.egg-info/requires.txt\n'}
[1.178731] (lidar_perception) StdoutLine: {'line': b'writing top-level names to lidar_perception.egg-info/top_level.txt\n'}
[1.203385] (-) TimerEvent: {}
[1.206884] (lidar_perception) StdoutLine: {'line': b"reading manifest file 'lidar_perception.egg-info/SOURCES.txt'\n"}
[1.207444] (lidar_perception) StdoutLine: {'line': b"writing manifest file 'lidar_perception.egg-info/SOURCES.txt'\n"}
[1.222367] (lidar_perception) StdoutLine: {'line': b'running build_ext\n'}
[1.222530] (lidar_perception) StdoutLine: {'line': b'Creating /home/donfisto/perception_ws/install/lidar_perception/lib/python3.12/site-packages/lidar-perception.egg-link (link to .)\n'}
[1.223017] (lidar_perception) StdoutLine: {'line': b'Installing obstacle_node script to /home/donfisto/perception_ws/install/lidar_perception/lib/lidar_perception\n'}
[1.223327] (lidar_perception) StdoutLine: {'line': b'Installing occupancy_grid_node script to /home/donfisto/perception_ws/install/lidar_perception/lib/lidar_perception\n'}
[1.223474] (lidar_perception) StdoutLine: {'line': b'Installing reactive_navigation_node script to /home/donfisto/perception_ws/install/lidar_perception/lib/lidar_perception\n'}
[1.223702] (lidar_perception) StdoutLine: {'line': b'Installing scan_to_cloud_node script to /home/donfisto/perception_ws/install/lidar_perception/lib/lidar_perception\n'}
[1.223835] (lidar_perception) StdoutLine: {'line': b'\n'}
[1.223913] (lidar_perception) StdoutLine: {'line': b'Installed /home/donfisto/perception_ws/build/lidar_perception\n'}
[1.223982] (lidar_perception) StdoutLine: {'line': b'running symlink_data\n'}
[1.252574] (lidar_perception) CommandEnded: {'returncode': 0}
[1.262005] (lidar_perception) JobEnded: {'identifier': 'lidar_perception', 'rc': 0}
[1.262908] (-) EventReactorShutdown: {}
