[0.096s] DEBUG:colcon:Command line arguments: ['/usr/bin/colcon', 'build', '--symlink-install']
[0.096s] DEBUG:colcon:Parsed command line arguments: Namespace(log_base=None, log_level=None, verb_name='build', build_base='build', install_base='install', merge_install=False, symlink_install=True, test_result_base=None, continue_on_error=False, executor='parallel', parallel_workers=24, event_handlers=None, ignore_user_meta=False, metas=['./colcon.meta'], base_paths=['.'], packages_ignore=None, packages_ignore_regex=None, paths=None, packages_up_to=None, packages_up_to_regex=None, packages_above=None, packages_above_and_dependencies=None, packages_above_depth=None, packages_select_by_dep=None, packages_skip_by_dep=None, packages_skip_up_to=None, packages_select_build_failed=False, packages_skip_build_finished=False, packages_select_test_failures=False, packages_skip_test_passed=False, packages_select=None, packages_skip=None, packages_select_regex=None, packages_skip_regex=None, packages_start=None, packages_end=None, allow_overriding=[], cmake_args=None, cmake_target=None, cmake_target_skip_unavailable=False, cmake_clean_cache=False, cmake_clean_first=False, cmake_force_configure=False, ament_cmake_args=None, catkin_cmake_args=None, catkin_skip_building_tests=False, verb_parser=<colcon_defaults.argument_parser.defaults.DefaultArgumentsDecorator object at 0x7435b077f6e0>, verb_extension=<colcon_core.verb.build.BuildVerb object at 0x7435b08ab950>, main=<bound method BuildVerb.main of <colcon_core.verb.build.BuildVerb object at 0x7435b08ab950>>)
[0.128s] Level 1:colcon.colcon_core.package_discovery:discover_packages(colcon_meta) check parameters
[0.128s] Level 1:colcon.colcon_core.package_discovery:discover_packages(recursive) check parameters
[0.128s] Level 1:colcon.colcon_core.package_discovery:discover_packages(ignore) check parameters
[0.128s] Level 1:colcon.colcon_core.package_discovery:discover_packages(path) check parameters
[0.128s] Level 1:colcon.colcon_core.package_discovery:discover_packages(colcon_meta) discover
[0.129s] Level 1:colcon.colcon_core.package_discovery:discover_packages(recursive) discover
[0.129s] INFO:colcon.colcon_core.package_discovery:Crawling recursively for packages in '/home/donfisto/perception_ws'
[0.129s] Level 1:colcon.colcon_core.package_identification:_identify(.) by extensions ['ignore', 'ignore_ament_install']
[0.129s] Level 1:colcon.colcon_core.package_identification:_identify(.) by extension 'ignore'
[0.129s] Level 1:colcon.colcon_core.package_identification:_identify(.) by extension 'ignore_ament_install'
[0.129s] Level 1:colcon.colcon_core.package_identification:_identify(.) by extensions ['colcon_pkg']
[0.129s] Level 1:colcon.colcon_core.package_identification:_identify(.) by extension 'colcon_pkg'
[0.129s] Level 1:colcon.colcon_core.package_identification:_identify(.) by extensions ['colcon_meta']
[0.129s] Level 1:colcon.colcon_core.package_identification:_identify(.) by extension 'colcon_meta'
[0.129s] Level 1:colcon.colcon_core.package_identification:_identify(.) by extensions ['ros']
[0.129s] Level 1:colcon.colcon_core.package_identification:_identify(.) by extension 'ros'
[0.151s] Level 1:colcon.colcon_core.package_identification:_identify(.) by extensions ['cmake', 'python']
[0.151s] Level 1:colcon.colcon_core.package_identification:_identify(.) by extension 'cmake'
[0.151s] Level 1:colcon.colcon_core.package_identification:_identify(.) by extension 'python'
[0.151s] Level 1:colcon.colcon_core.package_identification:_identify(.) by extensions ['python_setup_py']
[0.151s] Level 1:colcon.colcon_core.package_identification:_identify(.) by extension 'python_setup_py'
[0.151s] Level 1:colcon.colcon_core.package_identification:_identify(build) by extensions ['ignore', 'ignore_ament_install']
[0.151s] Level 1:colcon.colcon_core.package_identification:_identify(build) by extension 'ignore'
[0.151s] Level 1:colcon.colcon_core.package_identification:_identify(build) ignored
[0.151s] Level 1:colcon.colcon_core.package_identification:_identify(install) by extensions ['ignore', 'ignore_ament_install']
[0.151s] Level 1:colcon.colcon_core.package_identification:_identify(install) by extension 'ignore'
[0.151s] Level 1:colcon.colcon_core.package_identification:_identify(install) ignored
[0.151s] Level 1:colcon.colcon_core.package_identification:_identify(log) by extensions ['ignore', 'ignore_ament_install']
[0.151s] Level 1:colcon.colcon_core.package_identification:_identify(log) by extension 'ignore'
[0.151s] Level 1:colcon.colcon_core.package_identification:_identify(log) ignored
[0.160s] Level 1:colcon.colcon_core.package_identification:_identify(src) by extensions ['ignore', 'ignore_ament_install']
[0.161s] Level 1:colcon.colcon_core.package_identification:_identify(src) by extension 'ignore'
[0.161s] Level 1:colcon.colcon_core.package_identification:_identify(src) by extension 'ignore_ament_install'
[0.161s] Level 1:colcon.colcon_core.package_identification:_identify(src) by extensions ['colcon_pkg']
[0.161s] Level 1:colcon.colcon_core.package_identification:_identify(src) by extension 'colcon_pkg'
[0.161s] Level 1:colcon.colcon_core.package_identification:_identify(src) by extensions ['colcon_meta']
[0.161s] Level 1:colcon.colcon_core.package_identification:_identify(src) by extension 'colcon_meta'
[0.161s] Level 1:colcon.colcon_core.package_identification:_identify(src) by extensions ['ros']
[0.161s] Level 1:colcon.colcon_core.package_identification:_identify(src) by extension 'ros'
[0.161s] Level 1:colcon.colcon_core.package_identification:_identify(src) by extensions ['cmake', 'python']
[0.161s] Level 1:colcon.colcon_core.package_identification:_identify(src) by extension 'cmake'
[0.161s] Level 1:colcon.colcon_core.package_identification:_identify(src) by extension 'python'
[0.161s] Level 1:colcon.colcon_core.package_identification:_identify(src) by extensions ['python_setup_py']
[0.161s] Level 1:colcon.colcon_core.package_identification:_identify(src) by extension 'python_setup_py'
[0.161s] Level 1:colcon.colcon_core.package_identification:_identify(src/lidar_perception) by extensions ['ignore', 'ignore_ament_install']
[0.161s] Level 1:colcon.colcon_core.package_identification:_identify(src/lidar_perception) by extension 'ignore'
[0.162s] Level 1:colcon.colcon_core.package_identification:_identify(src/lidar_perception) by extension 'ignore_ament_install'
[0.162s] Level 1:colcon.colcon_core.package_identification:_identify(src/lidar_perception) by extensions ['colcon_pkg']
[0.162s] Level 1:colcon.colcon_core.package_identification:_identify(src/lidar_perception) by extension 'colcon_pkg'
[0.162s] Level 1:colcon.colcon_core.package_identification:_identify(src/lidar_perception) by extensions ['colcon_meta']
[0.162s] Level 1:colcon.colcon_core.package_identification:_identify(src/lidar_perception) by extension 'colcon_meta'
[0.162s] Level 1:colcon.colcon_core.package_identification:_identify(src/lidar_perception) by extensions ['ros']
[0.162s] Level 1:colcon.colcon_core.package_identification:_identify(src/lidar_perception) by extension 'ros'
[0.165s] DEBUG:colcon.colcon_core.package_identification:Package 'src/lidar_perception' with type 'ros.ament_python' and name 'lidar_perception'
[0.165s] Level 1:colcon.colcon_core.package_identification:_identify(src/perception_msgs) by extensions ['ignore', 'ignore_ament_install']
[0.165s] Level 1:colcon.colcon_core.package_identification:_identify(src/perception_msgs) by extension 'ignore'
[0.165s] Level 1:colcon.colcon_core.package_identification:_identify(src/perception_msgs) by extension 'ignore_ament_install'
[0.165s] Level 1:colcon.colcon_core.package_identification:_identify(src/perception_msgs) by extensions ['colcon_pkg']
[0.165s] Level 1:colcon.colcon_core.package_identification:_identify(src/perception_msgs) by extension 'colcon_pkg'
[0.165s] Level 1:colcon.colcon_core.package_identification:_identify(src/perception_msgs) by extensions ['colcon_meta']
[0.165s] Level 1:colcon.colcon_core.package_identification:_identify(src/perception_msgs) by extension 'colcon_meta'
[0.165s] Level 1:colcon.colcon_core.package_identification:_identify(src/perception_msgs) by extensions ['ros']
[0.165s] Level 1:colcon.colcon_core.package_identification:_identify(src/perception_msgs) by extension 'ros'
[0.166s] DEBUG:colcon.colcon_core.package_identification:Package 'src/perception_msgs' with type 'ros.ament_cmake' and name 'perception_msgs'
[0.166s] Level 1:colcon.colcon_core.package_discovery:discover_packages(recursive) using defaults
[0.166s] Level 1:colcon.colcon_core.package_discovery:discover_packages(ignore) discover
[0.166s] Level 1:colcon.colcon_core.package_discovery:discover_packages(ignore) using defaults
[0.166s] Level 1:colcon.colcon_core.package_discovery:discover_packages(path) discover
[0.166s] Level 1:colcon.colcon_core.package_discovery:discover_packages(path) using defaults
[0.182s] Level 1:colcon.colcon_core.package_discovery:discover_packages(prefix_path) check parameters
[0.182s] Level 1:colcon.colcon_core.package_discovery:discover_packages(prefix_path) discover
[0.184s] DEBUG:colcon.colcon_installed_package_information.package_discovery:Found 2 installed packages in /home/donfisto/gazebo_ws/install
[0.185s] DEBUG:colcon.colcon_installed_package_information.package_discovery:Found 321 installed packages in /opt/ros/jazzy
[0.185s] Level 1:colcon.colcon_core.package_discovery:discover_packages(prefix_path) using defaults
[0.222s] Level 5:colcon.colcon_core.verb:set package 'lidar_perception' build argument 'cmake_args' from command line to 'None'
[0.222s] Level 5:colcon.colcon_core.verb:set package 'lidar_perception' build argument 'cmake_target' from command line to 'None'
[0.222s] Level 5:colcon.colcon_core.verb:set package 'lidar_perception' build argument 'cmake_target_skip_unavailable' from command line to 'False'
[0.222s] Level 5:colcon.colcon_core.verb:set package 'lidar_perception' build argument 'cmake_clean_cache' from command line to 'False'
[0.222s] Level 5:colcon.colcon_core.verb:set package 'lidar_perception' build argument 'cmake_clean_first' from command line to 'False'
[0.222s] Level 5:colcon.colcon_core.verb:set package 'lidar_perception' build argument 'cmake_force_configure' from command line to 'False'
[0.222s] Level 5:colcon.colcon_core.verb:set package 'lidar_perception' build argument 'ament_cmake_args' from command line to 'None'
[0.222s] Level 5:colcon.colcon_core.verb:set package 'lidar_perception' build argument 'catkin_cmake_args' from command line to 'None'
[0.222s] Level 5:colcon.colcon_core.verb:set package 'lidar_perception' build argument 'catkin_skip_building_tests' from command line to 'False'
[0.222s] DEBUG:colcon.colcon_core.verb:Building package 'lidar_perception' with the following arguments: {'ament_cmake_args': None, 'build_base': '/home/donfisto/perception_ws/build/lidar_perception', 'catkin_cmake_args': None, 'catkin_skip_building_tests': False, 'cmake_args': None, 'cmake_clean_cache': False, 'cmake_clean_first': False, 'cmake_force_configure': False, 'cmake_target': None, 'cmake_target_skip_unavailable': False, 'install_base': '/home/donfisto/perception_ws/install/lidar_perception', 'merge_install': False, 'path': '/home/donfisto/perception_ws/src/lidar_perception', 'symlink_install': True, 'test_result_base': None}
[0.222s] Level 5:colcon.colcon_core.verb:set package 'perception_msgs' build argument 'cmake_args' from command line to 'None'
[0.222s] Level 5:colcon.colcon_core.verb:set package 'perception_msgs' build argument 'cmake_target' from command line to 'None'
[0.222s] Level 5:colcon.colcon_core.verb:set package 'perception_msgs' build argument 'cmake_target_skip_unavailable' from command line to 'False'
[0.222s] Level 5:colcon.colcon_core.verb:set package 'perception_msgs' build argument 'cmake_clean_cache' from command line to 'False'
[0.222s] Level 5:colcon.colcon_core.verb:set package 'perception_msgs' build argument 'cmake_clean_first' from command line to 'False'
[0.222s] Level 5:colcon.colcon_core.verb:set package 'perception_msgs' build argument 'cmake_force_configure' from command line to 'False'
[0.222s] Level 5:colcon.colcon_core.verb:set package 'perception_msgs' build argument 'ament_cmake_args' from command line to 'None'
[0.222s] Level 5:colcon.colcon_core.verb:set package 'perception_msgs' build argument 'catkin_cmake_args' from command line to 'None'
[0.222s] Level 5:colcon.colcon_core.verb:set package 'perception_msgs' build argument 'catkin_skip_building_tests' from command line to 'False'
[0.222s] DEBUG:colcon.colcon_core.verb:Building package 'perception_msgs' with the following arguments: {'ament_cmake_args': None, 'build_base': '/home/donfisto/perception_ws/build/perception_msgs', 'catkin_cmake_args': None, 'catkin_skip_building_tests': False, 'cmake_args': None, 'cmake_clean_cache': False, 'cmake_clean_first': False, 'cmake_force_configure': False, 'cmake_target': None, 'cmake_target_skip_unavailable': False, 'install_base': '/home/donfisto/perception_ws/install/perception_msgs', 'merge_install': False, 'path': '/home/donfisto/perception_ws/src/perception_msgs', 'symlink_install': True, 'test_result_base': None}
[0.222s] INFO:colcon.colcon_core.executor:Executing jobs using 'parallel' executor
[0.223s] DEBUG:colcon.colcon_parallel_executor.executor.parallel:run_until_complete
[0.224s] INFO:colcon.colcon_ros.task.ament_python.build:Building ROS package in '/home/donfisto/perception_ws/src/lidar_perception' with build type 'ament_python'
[0.224s] Level 1:colcon.colcon_core.shell:create_environment_hook('lidar_perception', 'ament_prefix_path')
[0.226s] INFO:colcon.colcon_core.plugin_system:Skipping extension 'colcon_core.shell.bat': Not used on non-Windows systems
[0.226s] INFO:colcon.colcon_core.shell:Creating environment hook '/home/donfisto/perception_ws/install/lidar_perception/share/lidar_perception/hook/ament_prefix_path.ps1'
[0.227s] INFO:colcon.colcon_core.shell:Creating environment descriptor '/home/donfisto/perception_ws/install/lidar_perception/share/lidar_perception/hook/ament_prefix_path.dsv'
[0.227s] INFO:colcon.colcon_core.shell:Creating environment hook '/home/donfisto/perception_ws/install/lidar_perception/share/lidar_perception/hook/ament_prefix_path.sh'
[0.227s] INFO:colcon.colcon_core.shell:Skip shell extension 'powershell' for command environment: Not usable outside of PowerShell
[0.227s] DEBUG:colcon.colcon_core.shell:Skip shell extension 'dsv' for command environment
[0.231s] INFO:colcon.colcon_ros.task.ament_cmake.build:Building ROS package in '/home/donfisto/perception_ws/src/perception_msgs' with build type 'ament_cmake'
[0.231s] INFO:colcon.colcon_cmake.task.cmake.build:Building CMake package in '/home/donfisto/perception_ws/src/perception_msgs'
[0.231s] INFO:colcon.colcon_core.shell:Skip shell extension 'powershell' for command environment: Not usable outside of PowerShell
[0.231s] DEBUG:colcon.colcon_core.shell:Skip shell extension 'dsv' for command environment
[0.477s] INFO:colcon.colcon_core.task.python.build:Building Python package in '/home/donfisto/perception_ws/src/lidar_perception'
[0.477s] INFO:colcon.colcon_core.shell:Skip shell extension 'powershell' for command environment: Not usable outside of PowerShell
[0.477s] DEBUG:colcon.colcon_core.shell:Skip shell extension 'dsv' for command environment
[0.483s] DEBUG:colcon.colcon_core.event_handler.log_command:Invoking command in '/home/donfisto/perception_ws/build/perception_msgs': CMAKE_PREFIX_PATH=${CMAKE_PREFIX_PATH}:/home/donfisto/gazebo_ws/install/fs_robot_description:/opt/ros/jazzy DEBUGINFOD_URLS=https://debuginfod.ubuntu.com /usr/bin/cmake /home/donfisto/perception_ws/src/perception_msgs -DAMENT_CMAKE_SYMLINK_INSTALL=1 -DCMAKE_INSTALL_PREFIX=/home/donfisto/perception_ws/install/perception_msgs
[0.981s] DEBUG:colcon.colcon_core.event_handler.log_command:Invoking command in '/home/donfisto/perception_ws/build/lidar_perception': DEBUGINFOD_URLS=https://debuginfod.ubuntu.com PYTHONPATH=/home/donfisto/perception_ws/build/lidar_perception/prefix_override:/usr/lib/python3/dist-packages/colcon_core/task/python/colcon_distutils_commands:/home/donfisto/perception_ws/install/lidar_perception/lib/python3.12/site-packages:${PYTHONPATH} /usr/bin/python3 -W ignore:setup.py install is deprecated -W ignore:easy_install command is deprecated setup.py develop --editable --build-directory /home/donfisto/perception_ws/build/lidar_perception/build --no-deps symlink_data
[1.496s] Level 1:colcon.colcon_core.shell:create_environment_hook('lidar_perception', 'pythonpath_develop')
[1.497s] INFO:colcon.colcon_core.shell:Creating environment hook '/home/donfisto/perception_ws/build/lidar_perception/share/lidar_perception/hook/pythonpath_develop.ps1'
[1.497s] DEBUG:colcon.colcon_core.event_handler.log_command:Invoked command in '/home/donfisto/perception_ws/build/lidar_perception' returned '0': DEBUGINFOD_URLS=https://debuginfod.ubuntu.com PYTHONPATH=/home/donfisto/perception_ws/build/lidar_perception/prefix_override:/usr/lib/python3/dist-packages/colcon_core/task/python/colcon_distutils_commands:/home/donfisto/perception_ws/install/lidar_perception/lib/python3.12/site-packages:${PYTHONPATH} /usr/bin/python3 -W ignore:setup.py install is deprecated -W ignore:easy_install command is deprecated setup.py develop --editable --build-directory /home/donfisto/perception_ws/build/lidar_perception/build --no-deps symlink_data
[1.498s] INFO:colcon.colcon_core.shell:Creating environment descriptor '/home/donfisto/perception_ws/build/lidar_perception/share/lidar_perception/hook/pythonpath_develop.dsv'
[1.498s] INFO:colcon.colcon_core.shell:Creating environment hook '/home/donfisto/perception_ws/build/lidar_perception/share/lidar_perception/hook/pythonpath_develop.sh'
[1.500s] Level 1:colcon.colcon_core.environment:checking '/home/donfisto/perception_ws/install/lidar_perception' for CMake module files
[1.501s] Level 1:colcon.colcon_core.environment:checking '/home/donfisto/perception_ws/install/lidar_perception' for CMake config files
[1.501s] Level 1:colcon.colcon_core.environment:checking '/home/donfisto/perception_ws/install/lidar_perception/lib'
[1.501s] Level 1:colcon.colcon_core.environment:checking '/home/donfisto/perception_ws/install/lidar_perception/bin'
[1.501s] Level 1:colcon.colcon_core.environment:checking '/home/donfisto/perception_ws/install/lidar_perception/lib/pkgconfig/lidar_perception.pc'
[1.501s] Level 1:colcon.colcon_core.environment:checking '/home/donfisto/perception_ws/install/lidar_perception/lib/python3.12/site-packages'
[1.502s] Level 1:colcon.colcon_core.shell:create_environment_hook('lidar_perception', 'pythonpath')
[1.502s] INFO:colcon.colcon_core.shell:Creating environment hook '/home/donfisto/perception_ws/install/lidar_perception/share/lidar_perception/hook/pythonpath.ps1'
[1.502s] INFO:colcon.colcon_core.shell:Creating environment descriptor '/home/donfisto/perception_ws/install/lidar_perception/share/lidar_perception/hook/pythonpath.dsv'
[1.503s] INFO:colcon.colcon_core.shell:Creating environment hook '/home/donfisto/perception_ws/install/lidar_perception/share/lidar_perception/hook/pythonpath.sh'
[1.503s] Level 1:colcon.colcon_core.environment:checking '/home/donfisto/perception_ws/install/lidar_perception/bin'
[1.503s] Level 1:colcon.colcon_core.environment:create_environment_scripts_only(lidar_perception)
[1.503s] INFO:colcon.colcon_core.shell:Creating package script '/home/donfisto/perception_ws/install/lidar_perception/share/lidar_perception/package.ps1'
[1.504s] INFO:colcon.colcon_core.shell:Creating package descriptor '/home/donfisto/perception_ws/install/lidar_perception/share/lidar_perception/package.dsv'
[1.504s] INFO:colcon.colcon_core.shell:Creating package script '/home/donfisto/perception_ws/install/lidar_perception/share/lidar_perception/package.sh'
[1.505s] INFO:colcon.colcon_core.shell:Creating package script '/home/donfisto/perception_ws/install/lidar_perception/share/lidar_perception/package.bash'
[1.505s] INFO:colcon.colcon_core.shell:Creating package script '/home/donfisto/perception_ws/install/lidar_perception/share/lidar_perception/package.zsh'
[1.506s] Level 1:colcon.colcon_core.environment:create_file_with_runtime_dependencies(/home/donfisto/perception_ws/install/lidar_perception/share/colcon-core/packages/lidar_perception)
[4.744s] DEBUG:colcon.colcon_core.event_handler.log_command:Invoked command in '/home/donfisto/perception_ws/build/perception_msgs' returned '0': CMAKE_PREFIX_PATH=${CMAKE_PREFIX_PATH}:/home/donfisto/gazebo_ws/install/fs_robot_description:/opt/ros/jazzy DEBUGINFOD_URLS=https://debuginfod.ubuntu.com /usr/bin/cmake /home/donfisto/perception_ws/src/perception_msgs -DAMENT_CMAKE_SYMLINK_INSTALL=1 -DCMAKE_INSTALL_PREFIX=/home/donfisto/perception_ws/install/perception_msgs
[4.744s] DEBUG:colcon.colcon_core.event_handler.log_command:Invoking command in '/home/donfisto/perception_ws/build/perception_msgs': CMAKE_PREFIX_PATH=${CMAKE_PREFIX_PATH}:/home/donfisto/gazebo_ws/install/fs_robot_description:/opt/ros/jazzy DEBUGINFOD_URLS=https://debuginfod.ubuntu.com /usr/bin/cmake --build /home/donfisto/perception_ws/build/perception_msgs -- -j24 -l24
[7.207s] DEBUG:colcon.colcon_core.event_handler.log_command:Invoked command in '/home/donfisto/perception_ws/build/perception_msgs' returned '0': CMAKE_PREFIX_PATH=${CMAKE_PREFIX_PATH}:/home/donfisto/gazebo_ws/install/fs_robot_description:/opt/ros/jazzy DEBUGINFOD_URLS=https://debuginfod.ubuntu.com /usr/bin/cmake --build /home/donfisto/perception_ws/build/perception_msgs -- -j24 -l24
[7.219s] DEBUG:colcon.colcon_core.event_handler.log_command:Invoking command in '/home/donfisto/perception_ws/build/perception_msgs': CMAKE_PREFIX_PATH=${CMAKE_PREFIX_PATH}:/home/donfisto/gazebo_ws/install/fs_robot_description:/opt/ros/jazzy DEBUGINFOD_URLS=https://debuginfod.ubuntu.com /usr/bin/cmake --install /home/donfisto/perception_ws/build/perception_msgs
[8.207s] Level 1:colcon.colcon_core.environment:create_environment_scripts_only(perception_msgs)
[8.207s] DEBUG:colcon.colcon_core.event_handler.log_command:Invoked command in '/home/donfisto/perception_ws/build/perception_msgs' returned '0': CMAKE_PREFIX_PATH=${CMAKE_PREFIX_PATH}:/home/donfisto/gazebo_ws/install/fs_robot_description:/opt/ros/jazzy DEBUGINFOD_URLS=https://debuginfod.ubuntu.com /usr/bin/cmake --install /home/donfisto/perception_ws/build/perception_msgs
[8.208s] Level 1:colcon.colcon_core.environment:checking '/home/donfisto/perception_ws/install/perception_msgs' for CMake module files
[8.209s] Level 1:colcon.colcon_core.environment:checking '/home/donfisto/perception_ws/install/perception_msgs' for CMake config files
[8.210s] Level 1:colcon.colcon_core.shell:create_environment_hook('perception_msgs', 'cmake_prefix_path')
[8.210s] INFO:colcon.colcon_core.shell:Creating environment hook '/home/donfisto/perception_ws/install/perception_msgs/share/perception_msgs/hook/cmake_prefix_path.ps1'
[8.210s] INFO:colcon.colcon_core.shell:Creating environment descriptor '/home/donfisto/perception_ws/install/perception_msgs/share/perception_msgs/hook/cmake_prefix_path.dsv'
[8.211s] INFO:colcon.colcon_core.shell:Creating environment hook '/home/donfisto/perception_ws/install/perception_msgs/share/perception_msgs/hook/cmake_prefix_path.sh'
[8.211s] Level 1:colcon.colcon_core.environment:checking '/home/donfisto/perception_ws/install/perception_msgs/lib'
[8.211s] Level 1:colcon.colcon_core.shell:create_environment_hook('perception_msgs', 'ld_library_path_lib')
[8.212s] INFO:colcon.colcon_core.shell:Creating environment hook '/home/donfisto/perception_ws/install/perception_msgs/share/perception_msgs/hook/ld_library_path_lib.ps1'
[8.212s] INFO:colcon.colcon_core.shell:Creating environment descriptor '/home/donfisto/perception_ws/install/perception_msgs/share/perception_msgs/hook/ld_library_path_lib.dsv'
[8.212s] INFO:colcon.colcon_core.shell:Creating environment hook '/home/donfisto/perception_ws/install/perception_msgs/share/perception_msgs/hook/ld_library_path_lib.sh'
[8.213s] Level 1:colcon.colcon_core.environment:checking '/home/donfisto/perception_ws/install/perception_msgs/bin'
[8.213s] Level 1:colcon.colcon_core.environment:checking '/home/donfisto/perception_ws/install/perception_msgs/lib/pkgconfig/perception_msgs.pc'
[8.213s] Level 1:colcon.colcon_core.environment:checking '/home/donfisto/perception_ws/install/perception_msgs/lib/python3.12/site-packages'
[8.213s] Level 1:colcon.colcon_core.shell:create_environment_hook('perception_msgs', 'pythonpath')
[8.213s] INFO:colcon.colcon_core.shell:Creating environment hook '/home/donfisto/perception_ws/install/perception_msgs/share/perception_msgs/hook/pythonpath.ps1'
[8.214s] INFO:colcon.colcon_core.shell:Creating environment descriptor '/home/donfisto/perception_ws/install/perception_msgs/share/perception_msgs/hook/pythonpath.dsv'
[8.214s] INFO:colcon.colcon_core.shell:Creating environment hook '/home/donfisto/perception_ws/install/perception_msgs/share/perception_msgs/hook/pythonpath.sh'
[8.215s] Level 1:colcon.colcon_core.environment:checking '/home/donfisto/perception_ws/install/perception_msgs/bin'
[8.215s] INFO:colcon.colcon_core.shell:Creating package script '/home/donfisto/perception_ws/install/perception_msgs/share/perception_msgs/package.ps1'
[8.216s] INFO:colcon.colcon_core.shell:Creating package descriptor '/home/donfisto/perception_ws/install/perception_msgs/share/perception_msgs/package.dsv'
[8.216s] INFO:colcon.colcon_core.shell:Creating package script '/home/donfisto/perception_ws/install/perception_msgs/share/perception_msgs/package.sh'
[8.217s] INFO:colcon.colcon_core.shell:Creating package script '/home/donfisto/perception_ws/install/perception_msgs/share/perception_msgs/package.bash'
[8.217s] INFO:colcon.colcon_core.shell:Creating package script '/home/donfisto/perception_ws/install/perception_msgs/share/perception_msgs/package.zsh'
[8.217s] Level 1:colcon.colcon_core.environment:create_file_with_runtime_dependencies(/home/donfisto/perception_ws/install/perception_msgs/share/colcon-core/packages/perception_msgs)
[8.218s] Level 1:colcon.colcon_core.environment:create_environment_scripts_only(perception_msgs)
[8.218s] Level 1:colcon.colcon_core.environment:checking '/home/donfisto/perception_ws/install/perception_msgs' for CMake module files
[8.219s] Level 1:colcon.colcon_core.environment:checking '/home/donfisto/perception_ws/install/perception_msgs' for CMake config files
[8.220s] Level 1:colcon.colcon_core.shell:create_environment_hook('perception_msgs', 'cmake_prefix_path')
[8.220s] INFO:colcon.colcon_core.shell:Creating environment hook '/home/donfisto/perception_ws/install/perception_msgs/share/perception_msgs/hook/cmake_prefix_path.ps1'
[8.221s] INFO:colcon.colcon_core.shell:Creating environment descriptor '/home/donfisto/perception_ws/install/perception_msgs/share/perception_msgs/hook/cmake_prefix_path.dsv'
[8.221s] INFO:colcon.colcon_core.shell:Creating environment hook '/home/donfisto/perception_ws/install/perception_msgs/share/perception_msgs/hook/cmake_prefix_path.sh'
[8.222s] Level 1:colcon.colcon_core.environment:checking '/home/donfisto/perception_ws/install/perception_msgs/lib'
[8.222s] Level 1:colcon.colcon_core.shell:create_environment_hook('perception_msgs', 'ld_library_path_lib')
[8.222s] INFO:colcon.colcon_core.shell:Creating environment hook '/home/donfisto/perception_ws/install/perception_msgs/share/perception_msgs/hook/ld_library_path_lib.ps1'
[8.222s] INFO:colcon.colcon_core.shell:Creating environment descriptor '/home/donfisto/perception_ws/install/perception_msgs/share/perception_msgs/hook/ld_library_path_lib.dsv'
[8.223s] INFO:colcon.colcon_core.shell:Creating environment hook '/home/donfisto/perception_ws/install/perception_msgs/share/perception_msgs/hook/ld_library_path_lib.sh'
[8.223s] Level 1:colcon.colcon_core.environment:checking '/home/donfisto/perception_ws/install/perception_msgs/bin'
[8.223s] Level 1:colcon.colcon_core.environment:checking '/home/donfisto/perception_ws/install/perception_msgs/lib/pkgconfig/perception_msgs.pc'
[8.223s] Level 1:colcon.colcon_core.environment:checking '/home/donfisto/perception_ws/install/perception_msgs/lib/python3.12/site-packages'
[8.223s] Level 1:colcon.colcon_core.shell:create_environment_hook('perception_msgs', 'pythonpath')
[8.224s] INFO:colcon.colcon_core.shell:Creating environment hook '/home/donfisto/perception_ws/install/perception_msgs/share/perception_msgs/hook/pythonpath.ps1'
[8.224s] INFO:colcon.colcon_core.shell:Creating environment descriptor '/home/donfisto/perception_ws/install/perception_msgs/share/perception_msgs/hook/pythonpath.dsv'
[8.224s] INFO:colcon.colcon_core.shell:Creating environment hook '/home/donfisto/perception_ws/install/perception_msgs/share/perception_msgs/hook/pythonpath.sh'
[8.225s] Level 1:colcon.colcon_core.environment:checking '/home/donfisto/perception_ws/install/perception_msgs/bin'
[8.225s] INFO:colcon.colcon_core.shell:Creating package script '/home/donfisto/perception_ws/install/perception_msgs/share/perception_msgs/package.ps1'
[8.226s] INFO:colcon.colcon_core.shell:Creating package descriptor '/home/donfisto/perception_ws/install/perception_msgs/share/perception_msgs/package.dsv'
[8.227s] INFO:colcon.colcon_core.shell:Creating package script '/home/donfisto/perception_ws/install/perception_msgs/share/perception_msgs/package.sh'
[8.227s] INFO:colcon.colcon_core.shell:Creating package script '/home/donfisto/perception_ws/install/perception_msgs/share/perception_msgs/package.bash'
[8.227s] INFO:colcon.colcon_core.shell:Creating package script '/home/donfisto/perception_ws/install/perception_msgs/share/perception_msgs/package.zsh'
[8.228s] Level 1:colcon.colcon_core.environment:create_file_with_runtime_dependencies(/home/donfisto/perception_ws/install/perception_msgs/share/colcon-core/packages/perception_msgs)
[8.228s] DEBUG:colcon.colcon_parallel_executor.executor.parallel:closing loop
[8.228s] DEBUG:colcon.colcon_parallel_executor.executor.parallel:loop closed
[8.228s] DEBUG:colcon.colcon_parallel_executor.executor.parallel:run_until_complete finished with '0'
[8.228s] DEBUG:colcon.colcon_core.event_reactor:joining thread
[8.235s] INFO:colcon.colcon_core.plugin_system:Skipping extension 'colcon_notification.desktop_notification.terminal_notifier': Not used on non-Darwin systems
[8.235s] INFO:colcon.colcon_core.plugin_system:Skipping extension 'colcon_notification.desktop_notification.win32': Not used on non-Windows systems
[8.235s] INFO:colcon.colcon_notification.desktop_notification:Sending desktop notification using 'notify2'
[8.277s] DEBUG:colcon.colcon_core.event_reactor:joined thread
[8.277s] INFO:colcon.colcon_core.shell:Creating prefix script '/home/donfisto/perception_ws/install/local_setup.ps1'
[8.279s] INFO:colcon.colcon_core.shell:Creating prefix util module '/home/donfisto/perception_ws/install/_local_setup_util_ps1.py'
[8.280s] INFO:colcon.colcon_core.shell:Creating prefix chain script '/home/donfisto/perception_ws/install/setup.ps1'
[8.281s] INFO:colcon.colcon_core.shell:Creating prefix script '/home/donfisto/perception_ws/install/local_setup.sh'
[8.282s] INFO:colcon.colcon_core.shell:Creating prefix util module '/home/donfisto/perception_ws/install/_local_setup_util_sh.py'
[8.282s] INFO:colcon.colcon_core.shell:Creating prefix chain script '/home/donfisto/perception_ws/install/setup.sh'
[8.283s] INFO:colcon.colcon_core.shell:Creating prefix script '/home/donfisto/perception_ws/install/local_setup.bash'
[8.284s] INFO:colcon.colcon_core.shell:Creating prefix chain script '/home/donfisto/perception_ws/install/setup.bash'
[8.285s] INFO:colcon.colcon_core.shell:Creating prefix script '/home/donfisto/perception_ws/install/local_setup.zsh'
[8.285s] INFO:colcon.colcon_core.shell:Creating prefix chain script '/home/donfisto/perception_ws/install/setup.zsh'
