[0.756s] Invoking command in '/home/donfisto/perception_ws/build/lidar_perception': DEBUGINFOD_URLS=https://debuginfod.ubuntu.com PYTHONPATH=/home/donfisto/perception_ws/build/lidar_perception/prefix_override:/usr/lib/python3/dist-packages/colcon_core/task/python/colcon_distutils_commands:/home/donfisto/perception_ws/install/lidar_perception/lib/python3.12/site-packages:${PYTHONPATH} /usr/bin/python3 -W ignore:setup.py install is deprecated -W ignore:easy_install command is deprecated setup.py develop --editable --build-directory /home/donfisto/perception_ws/build/lidar_perception/build --no-deps symlink_data
[1.051s] running develop
[1.189s] running egg_info
[1.189s] creating lidar_perception.egg-info
[1.202s] writing lidar_perception.egg-info/PKG-INFO
[1.202s] writing dependency_links to lidar_perception.egg-info/dependency_links.txt
[1.202s] writing entry points to lidar_perception.egg-info/entry_points.txt
[1.202s] writing requirements to lidar_perception.egg-info/requires.txt
[1.203s] writing top-level names to lidar_perception.egg-info/top_level.txt
[1.203s] writing manifest file 'lidar_perception.egg-info/SOURCES.txt'
[1.229s] reading manifest file 'lidar_perception.egg-info/SOURCES.txt'
[1.229s] writing manifest file 'lidar_perception.egg-info/SOURCES.txt'
[1.243s] running build_ext
[1.243s] Creating /home/donfisto/perception_ws/install/lidar_perception/lib/python3.12/site-packages/lidar-perception.egg-link (link to .)
[1.244s] Installing obstacle_node script to /home/donfisto/perception_ws/install/lidar_perception/lib/lidar_perception
[1.244s] 
[1.245s] Installed /home/donfisto/perception_ws/build/lidar_perception
[1.245s] running symlink_data
[1.245s] creating /home/donfisto/perception_ws/install/lidar_perception/share/ament_index
[1.245s] creating /home/donfisto/perception_ws/install/lidar_perception/share/ament_index/resource_index
[1.245s] creating /home/donfisto/perception_ws/install/lidar_perception/share/ament_index/resource_index/packages
[1.245s] symbolically linking /home/donfisto/perception_ws/build/lidar_perception/resource/lidar_perception -> /home/donfisto/perception_ws/install/lidar_perception/share/ament_index/resource_index/packages
[1.245s] symbolically linking /home/donfisto/perception_ws/build/lidar_perception/package.xml -> /home/donfisto/perception_ws/install/lidar_perception/share/lidar_perception
[1.273s] Invoked command in '/home/donfisto/perception_ws/build/lidar_perception' returned '0': DEBUGINFOD_URLS=https://debuginfod.ubuntu.com PYTHONPATH=/home/donfisto/perception_ws/build/lidar_perception/prefix_override:/usr/lib/python3/dist-packages/colcon_core/task/python/colcon_distutils_commands:/home/donfisto/perception_ws/install/lidar_perception/lib/python3.12/site-packages:${PYTHONPATH} /usr/bin/python3 -W ignore:setup.py install is deprecated -W ignore:easy_install command is deprecated setup.py develop --editable --build-directory /home/donfisto/perception_ws/build/lidar_perception/build --no-deps symlink_data
