-- Found ament_cmake: 1.3.13 (/opt/ros/humble/share/ament_cmake/cmake)
-- Override CMake install command with custom implementation using symlinks instead of copying resources
-- Found ament_lint_auto: 0.12.15 (/opt/ros/humble/share/ament_lint_auto/cmake)
-- Added test 'flake8' to check Python code syntax and style conventions
-- Added test 'lint_cmake' to check CMake code style
-- Added test 'pep257' to check Python code against some of the docstring style conventions in PEP 257
-- Added test 'xmllint' to check XML markup files
-- Configuring done
-- Generating done
-- Build files have been written to: /home/donfisto/gazebo_ws/build/fs_basic_robot
-- Install configuration: ""
-- Execute custom install script
-- Symlinking: /home/donfisto/gazebo_ws/install/fs_basic_robot/share/fs_basic_robot/launch/sim.launch.py
-- Symlinking: /home/donfisto/gazebo_ws/install/fs_basic_robot/share/fs_basic_robot/urdf/fs_basic_lidar.urdf
-- Symlinking: /home/donfisto/gazebo_ws/install/fs_basic_robot/share/ament_index/resource_index/package_run_dependencies/fs_basic_robot
-- Symlinking: /home/donfisto/gazebo_ws/install/fs_basic_robot/share/ament_index/resource_index/parent_prefix_path/fs_basic_robot
-- Symlinking: /home/donfisto/gazebo_ws/install/fs_basic_robot/share/fs_basic_robot/environment/ament_prefix_path.sh
-- Symlinking: /home/donfisto/gazebo_ws/install/fs_basic_robot/share/fs_basic_robot/environment/ament_prefix_path.dsv
-- Symlinking: /home/donfisto/gazebo_ws/install/fs_basic_robot/share/fs_basic_robot/environment/path.sh
-- Symlinking: /home/donfisto/gazebo_ws/install/fs_basic_robot/share/fs_basic_robot/environment/path.dsv
-- Symlinking: /home/donfisto/gazebo_ws/install/fs_basic_robot/share/fs_basic_robot/local_setup.bash
-- Symlinking: /home/donfisto/gazebo_ws/install/fs_basic_robot/share/fs_basic_robot/local_setup.sh
-- Symlinking: /home/donfisto/gazebo_ws/install/fs_basic_robot/share/fs_basic_robot/local_setup.zsh
-- Symlinking: /home/donfisto/gazebo_ws/install/fs_basic_robot/share/fs_basic_robot/local_setup.dsv
-- Symlinking: /home/donfisto/gazebo_ws/install/fs_basic_robot/share/fs_basic_robot/package.dsv
-- Symlinking: /home/donfisto/gazebo_ws/install/fs_basic_robot/share/ament_index/resource_index/packages/fs_basic_robot
-- Symlinking: /home/donfisto/gazebo_ws/install/fs_basic_robot/share/fs_basic_robot/cmake/fs_basic_robotConfig.cmake
-- Symlinking: /home/donfisto/gazebo_ws/install/fs_basic_robot/share/fs_basic_robot/cmake/fs_basic_robotConfig-version.cmake
-- Symlinking: /home/donfisto/gazebo_ws/install/fs_basic_robot/share/fs_basic_robot/package.xml
