[0.033s] Invoking command in '/home/donfisto/gazebo_ws/build/fs_basic_robot': CMAKE_PREFIX_PATH=/opt/ros/humble /usr/bin/cmake /home/donfisto/gazebo_ws/src/fs_basic_robot -DAMENT_CMAKE_SYMLINK_INSTALL=1 -DCMAKE_INSTALL_PREFIX=/home/donfisto/gazebo_ws/install/fs_basic_robot
[0.102s] -- Found ament_cmake: 1.3.13 (/opt/ros/humble/share/ament_cmake/cmake)
[0.495s] -- Override CMake install command with custom implementation using symlinks instead of copying resources
[0.529s] -- Found ament_lint_auto: 0.12.15 (/opt/ros/humble/share/ament_lint_auto/cmake)
[0.754s] -- Added test 'flake8' to check Python code syntax and style conventions
[0.755s] -- Added test 'lint_cmake' to check CMake code style
[0.756s] -- Added test 'pep257' to check Python code against some of the docstring style conventions in PEP 257
[0.758s] -- Added test 'xmllint' to check XML markup files
[0.761s] -- Configuring done
[0.772s] -- Generating done
[0.776s] -- Build files have been written to: /home/donfisto/gazebo_ws/build/fs_basic_robot
[0.784s] Invoked command in '/home/donfisto/gazebo_ws/build/fs_basic_robot' returned '0': CMAKE_PREFIX_PATH=/opt/ros/humble /usr/bin/cmake /home/donfisto/gazebo_ws/src/fs_basic_robot -DAMENT_CMAKE_SYMLINK_INSTALL=1 -DCMAKE_INSTALL_PREFIX=/home/donfisto/gazebo_ws/install/fs_basic_robot
[0.790s] Invoking command in '/home/donfisto/gazebo_ws/build/fs_basic_robot': CMAKE_PREFIX_PATH=/opt/ros/humble /usr/bin/cmake --build /home/donfisto/gazebo_ws/build/fs_basic_robot -- -j20 -l20
[0.907s] Invoked command in '/home/donfisto/gazebo_ws/build/fs_basic_robot' returned '0': CMAKE_PREFIX_PATH=/opt/ros/humble /usr/bin/cmake --build /home/donfisto/gazebo_ws/build/fs_basic_robot -- -j20 -l20
[0.935s] Invoking command in '/home/donfisto/gazebo_ws/build/fs_basic_robot': CMAKE_PREFIX_PATH=/opt/ros/humble /usr/bin/cmake --install /home/donfisto/gazebo_ws/build/fs_basic_robot
[0.956s] -- Install configuration: ""
[0.958s] -- Execute custom install script
[0.959s] -- Symlinking: /home/donfisto/gazebo_ws/install/fs_basic_robot/share/fs_basic_robot/launch/sim.launch.py
[0.987s] -- Symlinking: /home/donfisto/gazebo_ws/install/fs_basic_robot/share/fs_basic_robot/urdf/fs_basic_lidar.urdf
[1.019s] -- Symlinking: /home/donfisto/gazebo_ws/install/fs_basic_robot/share/ament_index/resource_index/package_run_dependencies/fs_basic_robot
[1.048s] -- Symlinking: /home/donfisto/gazebo_ws/install/fs_basic_robot/share/ament_index/resource_index/parent_prefix_path/fs_basic_robot
[1.074s] -- Symlinking: /home/donfisto/gazebo_ws/install/fs_basic_robot/share/fs_basic_robot/environment/ament_prefix_path.sh
[1.100s] -- Symlinking: /home/donfisto/gazebo_ws/install/fs_basic_robot/share/fs_basic_robot/environment/ament_prefix_path.dsv
[1.126s] -- Symlinking: /home/donfisto/gazebo_ws/install/fs_basic_robot/share/fs_basic_robot/environment/path.sh
[1.152s] -- Symlinking: /home/donfisto/gazebo_ws/install/fs_basic_robot/share/fs_basic_robot/environment/path.dsv
[1.180s] -- Symlinking: /home/donfisto/gazebo_ws/install/fs_basic_robot/share/fs_basic_robot/local_setup.bash
[1.206s] -- Symlinking: /home/donfisto/gazebo_ws/install/fs_basic_robot/share/fs_basic_robot/local_setup.sh
[1.232s] -- Symlinking: /home/donfisto/gazebo_ws/install/fs_basic_robot/share/fs_basic_robot/local_setup.zsh
[1.259s] -- Symlinking: /home/donfisto/gazebo_ws/install/fs_basic_robot/share/fs_basic_robot/local_setup.dsv
[1.285s] -- Symlinking: /home/donfisto/gazebo_ws/install/fs_basic_robot/share/fs_basic_robot/package.dsv
[1.313s] -- Symlinking: /home/donfisto/gazebo_ws/install/fs_basic_robot/share/ament_index/resource_index/packages/fs_basic_robot
[1.340s] -- Symlinking: /home/donfisto/gazebo_ws/install/fs_basic_robot/share/fs_basic_robot/cmake/fs_basic_robotConfig.cmake
[1.363s] -- Symlinking: /home/donfisto/gazebo_ws/install/fs_basic_robot/share/fs_basic_robot/cmake/fs_basic_robotConfig-version.cmake
[1.389s] -- Symlinking: /home/donfisto/gazebo_ws/install/fs_basic_robot/share/fs_basic_robot/package.xml
[1.417s] Invoked command in '/home/donfisto/gazebo_ws/build/fs_basic_robot' returned '0': CMAKE_PREFIX_PATH=/opt/ros/humble /usr/bin/cmake --install /home/donfisto/gazebo_ws/build/fs_basic_robot
