[0.021s] Invoking command in '/home/donfisto/gazebo_ws/build/fs_basic_robot': CMAKE_PREFIX_PATH=/opt/ros/humble /usr/bin/cmake /home/donfisto/gazebo_ws/src/fs_basic_robot -DCMAKE_INSTALL_PREFIX=/home/donfisto/gazebo_ws/install/fs_basic_robot
[0.176s] -- The C compiler identification is GNU 11.4.0
[0.295s] -- The CXX compiler identification is GNU 11.4.0
[0.309s] -- Detecting C compiler ABI info
[0.417s] -- Detecting C compiler ABI info - done
[0.428s] -- Check for working C compiler: /usr/bin/cc - skipped
[0.430s] -- Detecting C compile features
[0.431s] -- Detecting C compile features - done
[0.436s] -- Detecting CXX compiler ABI info
[0.553s] -- Detecting CXX compiler ABI info - done
[0.565s] -- Check for working CXX compiler: /usr/bin/c++ - skipped
[0.566s] -- Detecting CXX compile features
[0.568s] -- Detecting CXX compile features - done
[0.574s] -- Found ament_cmake: 1.3.12 (/opt/ros/humble/share/ament_cmake/cmake)
[0.785s] -- Found Python3: /usr/bin/python3 (found version "3.10.12") found components: Interpreter 
[0.923s] -- Found ament_lint_auto: 0.12.14 (/opt/ros/humble/share/ament_lint_auto/cmake)
[1.029s] -- Added test 'flake8' to check Python code syntax and style conventions
[1.030s] -- Added test 'lint_cmake' to check CMake code style
[1.031s] -- Added test 'pep257' to check Python code against some of the docstring style conventions in PEP 257
[1.033s] -- Added test 'xmllint' to check XML markup files
[1.035s] -- Configuring done
[1.038s] -- Generating done
[1.041s] -- Build files have been written to: /home/donfisto/gazebo_ws/build/fs_basic_robot
[1.051s] Invoked command in '/home/donfisto/gazebo_ws/build/fs_basic_robot' returned '0': CMAKE_PREFIX_PATH=/opt/ros/humble /usr/bin/cmake /home/donfisto/gazebo_ws/src/fs_basic_robot -DCMAKE_INSTALL_PREFIX=/home/donfisto/gazebo_ws/install/fs_basic_robot
[1.053s] Invoking command in '/home/donfisto/gazebo_ws/build/fs_basic_robot': CMAKE_PREFIX_PATH=/opt/ros/humble /usr/bin/cmake --build /home/donfisto/gazebo_ws/build/fs_basic_robot -- -j20 -l20
[1.102s] Invoked command in '/home/donfisto/gazebo_ws/build/fs_basic_robot' returned '0': CMAKE_PREFIX_PATH=/opt/ros/humble /usr/bin/cmake --build /home/donfisto/gazebo_ws/build/fs_basic_robot -- -j20 -l20
[1.113s] Invoking command in '/home/donfisto/gazebo_ws/build/fs_basic_robot': CMAKE_PREFIX_PATH=/opt/ros/humble /usr/bin/cmake --install /home/donfisto/gazebo_ws/build/fs_basic_robot
[1.123s] -- Install configuration: ""
[1.123s] -- Installing: /home/donfisto/gazebo_ws/install/fs_basic_robot/share/fs_basic_robot/launch
[1.123s] -- Installing: /home/donfisto/gazebo_ws/install/fs_basic_robot/share/fs_basic_robot/launch/sim.launch.py
[1.123s] -- Installing: /home/donfisto/gazebo_ws/install/fs_basic_robot/share/fs_basic_robot/urdf
[1.123s] -- Installing: /home/donfisto/gazebo_ws/install/fs_basic_robot/share/fs_basic_robot/urdf/fs_basic_lidar.urdf
[1.123s] -- Installing: /home/donfisto/gazebo_ws/install/fs_basic_robot/share/fs_basic_robot/worlds
[1.123s] -- Installing: /home/donfisto/gazebo_ws/install/fs_basic_robot/share/fs_basic_robot/rviz
[1.123s] -- Installing: /home/donfisto/gazebo_ws/install/fs_basic_robot/share/ament_index/resource_index/package_run_dependencies/fs_basic_robot
[1.124s] -- Installing: /home/donfisto/gazebo_ws/install/fs_basic_robot/share/ament_index/resource_index/parent_prefix_path/fs_basic_robot
[1.124s] -- Installing: /home/donfisto/gazebo_ws/install/fs_basic_robot/share/fs_basic_robot/environment/ament_prefix_path.sh
[1.124s] -- Installing: /home/donfisto/gazebo_ws/install/fs_basic_robot/share/fs_basic_robot/environment/ament_prefix_path.dsv
[1.124s] -- Installing: /home/donfisto/gazebo_ws/install/fs_basic_robot/share/fs_basic_robot/environment/path.sh
[1.124s] -- Installing: /home/donfisto/gazebo_ws/install/fs_basic_robot/share/fs_basic_robot/environment/path.dsv
[1.124s] -- Installing: /home/donfisto/gazebo_ws/install/fs_basic_robot/share/fs_basic_robot/local_setup.bash
[1.124s] -- Installing: /home/donfisto/gazebo_ws/install/fs_basic_robot/share/fs_basic_robot/local_setup.sh
[1.124s] -- Installing: /home/donfisto/gazebo_ws/install/fs_basic_robot/share/fs_basic_robot/local_setup.zsh
[1.124s] -- Installing: /home/donfisto/gazebo_ws/install/fs_basic_robot/share/fs_basic_robot/local_setup.dsv
[1.124s] -- Installing: /home/donfisto/gazebo_ws/install/fs_basic_robot/share/fs_basic_robot/package.dsv
[1.125s] -- Installing: /home/donfisto/gazebo_ws/install/fs_basic_robot/share/ament_index/resource_index/packages/fs_basic_robot
[1.125s] -- Installing: /home/donfisto/gazebo_ws/install/fs_basic_robot/share/fs_basic_robot/cmake/fs_basic_robotConfig.cmake
[1.125s] -- Installing: /home/donfisto/gazebo_ws/install/fs_basic_robot/share/fs_basic_robot/cmake/fs_basic_robotConfig-version.cmake
[1.125s] -- Installing: /home/donfisto/gazebo_ws/install/fs_basic_robot/share/fs_basic_robot/package.xml
[1.127s] Invoked command in '/home/donfisto/gazebo_ws/build/fs_basic_robot' returned '0': CMAKE_PREFIX_PATH=/opt/ros/humble /usr/bin/cmake --install /home/donfisto/gazebo_ws/build/fs_basic_robot
