running develop
running egg_info
creating fs_robot_description.egg-info
writing fs_robot_description.egg-info/PKG-INFO
writing dependency_links to fs_robot_description.egg-info/dependency_links.txt
writing requirements to fs_robot_description.egg-info/requires.txt
writing top-level names to fs_robot_description.egg-info/top_level.txt
writing manifest file 'fs_robot_description.egg-info/SOURCES.txt'
reading manifest file 'fs_robot_description.egg-info/SOURCES.txt'
writing manifest file 'fs_robot_description.egg-info/SOURCES.txt'
running build_ext
Creating /home/donfisto/gazebo_ws/install/fs_robot_description/lib/python3.12/site-packages/fs-robot-description.egg-link (link to .)

Installed /home/donfisto/gazebo_ws/build/fs_robot_description
running symlink_data
creating /home/donfisto/gazebo_ws/install/fs_robot_description/share/ament_index
creating /home/donfisto/gazebo_ws/install/fs_robot_description/share/ament_index/resource_index
creating /home/donfisto/gazebo_ws/install/fs_robot_description/share/ament_index/resource_index/packages
symbolically linking /home/donfisto/gazebo_ws/build/fs_robot_description/resource/fs_robot_description -> /home/donfisto/gazebo_ws/install/fs_robot_description/share/ament_index/resource_index/packages
symbolically linking /home/donfisto/gazebo_ws/build/fs_robot_description/package.xml -> /home/donfisto/gazebo_ws/install/fs_robot_description/share/fs_robot_description
creating /home/donfisto/gazebo_ws/install/fs_robot_description/share/fs_robot_description/launch
symbolically linking /home/donfisto/gazebo_ws/build/fs_robot_description/launch/display.launch.py -> /home/donfisto/gazebo_ws/install/fs_robot_description/share/fs_robot_description/launch
symbolically linking /home/donfisto/gazebo_ws/build/fs_robot_description/launch/display_gazebo.launch.py -> /home/donfisto/gazebo_ws/install/fs_robot_description/share/fs_robot_description/launch
creating /home/donfisto/gazebo_ws/install/fs_robot_description/share/fs_robot_description/urdf
symbolically linking /home/donfisto/gazebo_ws/build/fs_robot_description/urdf/flexirover.urdf.xacro -> /home/donfisto/gazebo_ws/install/fs_robot_description/share/fs_robot_description/urdf
creating /home/donfisto/gazebo_ws/install/fs_robot_description/share/fs_robot_description/meshes
