[0.770s] Invoking command in '/home/donfisto/gazebo_ws/build/fs_robot_description': DEBUGINFOD_URLS=https://debuginfod.ubuntu.com PYTHONPATH=/home/donfisto/gazebo_ws/build/fs_robot_description/prefix_override:/usr/lib/python3/dist-packages/colcon_core/task/python/colcon_distutils_commands:/home/donfisto/gazebo_ws/install/fs_robot_description/lib/python3.12/site-packages:${PYTHONPATH} /usr/bin/python3 -W ignore:setup.py install is deprecated -W ignore:easy_install command is deprecated setup.py develop --editable --build-directory /home/donfisto/gazebo_ws/build/fs_robot_description/build --no-deps symlink_data
[1.057s] running develop
[1.194s] running egg_info
[1.194s] creating fs_robot_description.egg-info
[1.208s] writing fs_robot_description.egg-info/PKG-INFO
[1.208s] writing dependency_links to fs_robot_description.egg-info/dependency_links.txt
[1.208s] writing requirements to fs_robot_description.egg-info/requires.txt
[1.208s] writing top-level names to fs_robot_description.egg-info/top_level.txt
[1.208s] writing manifest file 'fs_robot_description.egg-info/SOURCES.txt'
[1.235s] reading manifest file 'fs_robot_description.egg-info/SOURCES.txt'
[1.236s] writing manifest file 'fs_robot_description.egg-info/SOURCES.txt'
[1.250s] running build_ext
[1.250s] Creating /home/donfisto/gazebo_ws/install/fs_robot_description/lib/python3.12/site-packages/fs-robot-description.egg-link (link to .)
[1.251s] 
[1.251s] Installed /home/donfisto/gazebo_ws/build/fs_robot_description
[1.251s] running symlink_data
[1.251s] creating /home/donfisto/gazebo_ws/install/fs_robot_description/share/ament_index
[1.251s] creating /home/donfisto/gazebo_ws/install/fs_robot_description/share/ament_index/resource_index
[1.251s] creating /home/donfisto/gazebo_ws/install/fs_robot_description/share/ament_index/resource_index/packages
[1.251s] symbolically linking /home/donfisto/gazebo_ws/build/fs_robot_description/resource/fs_robot_description -> /home/donfisto/gazebo_ws/install/fs_robot_description/share/ament_index/resource_index/packages
[1.251s] symbolically linking /home/donfisto/gazebo_ws/build/fs_robot_description/package.xml -> /home/donfisto/gazebo_ws/install/fs_robot_description/share/fs_robot_description
[1.251s] creating /home/donfisto/gazebo_ws/install/fs_robot_description/share/fs_robot_description/launch
[1.252s] symbolically linking /home/donfisto/gazebo_ws/build/fs_robot_description/launch/display.launch.py -> /home/donfisto/gazebo_ws/install/fs_robot_description/share/fs_robot_description/launch
[1.252s] symbolically linking /home/donfisto/gazebo_ws/build/fs_robot_description/launch/display_gazebo.launch.py -> /home/donfisto/gazebo_ws/install/fs_robot_description/share/fs_robot_description/launch
[1.252s] creating /home/donfisto/gazebo_ws/install/fs_robot_description/share/fs_robot_description/urdf
[1.252s] symbolically linking /home/donfisto/gazebo_ws/build/fs_robot_description/urdf/flexirover.urdf.xacro -> /home/donfisto/gazebo_ws/install/fs_robot_description/share/fs_robot_description/urdf
[1.252s] creating /home/donfisto/gazebo_ws/install/fs_robot_description/share/fs_robot_description/meshes
[1.282s] Invoked command in '/home/donfisto/gazebo_ws/build/fs_robot_description' returned '0': DEBUGINFOD_URLS=https://debuginfod.ubuntu.com PYTHONPATH=/home/donfisto/gazebo_ws/build/fs_robot_description/prefix_override:/usr/lib/python3/dist-packages/colcon_core/task/python/colcon_distutils_commands:/home/donfisto/gazebo_ws/install/fs_robot_description/lib/python3.12/site-packages:${PYTHONPATH} /usr/bin/python3 -W ignore:setup.py install is deprecated -W ignore:easy_install command is deprecated setup.py develop --editable --build-directory /home/donfisto/gazebo_ws/build/fs_robot_description/build --no-deps symlink_data
