[0.011s] Invoking command in '/home/donfisto/gazebo_ws/build/fs_basic_robot': CMAKE_PREFIX_PATH=${CMAKE_PREFIX_PATH}:/opt/ros/jazzy DEBUGINFOD_URLS=https://debuginfod.ubuntu.com /usr/bin/cmake /home/donfisto/gazebo_ws/src/fs_basic_robot -DAMENT_CMAKE_SYMLINK_INSTALL=1 -DCMAKE_INSTALL_PREFIX=/home/donfisto/gazebo_ws/install/fs_basic_robot
[0.107s] -- The C compiler identification is GNU 13.3.0
[0.180s] -- The CXX compiler identification is GNU 13.3.0
[0.200s] -- Detecting C compiler ABI info
[0.337s] -- Detecting C compiler ABI info - done
[0.354s] -- Check for working C compiler: /usr/bin/cc - skipped
[0.355s] -- Detecting C compile features
[0.355s] -- Detecting C compile features - done
[0.367s] -- Detecting CXX compiler ABI info
[0.513s] -- Detecting CXX compiler ABI info - done
[0.532s] -- Check for working CXX compiler: /usr/bin/c++ - skipped
[0.533s] -- Detecting CXX compile features
[0.533s] -- Detecting CXX compile features - done
[0.540s] -- Found ament_cmake: 2.5.6 (/opt/ros/jazzy/share/ament_cmake/cmake)
[0.784s] -- Found Python3: /usr/bin/python3 (found version "3.12.3") found components: Interpreter 
[0.880s] -- Override CMake install command with custom implementation using symlinks instead of copying resources
[0.954s] -- Found ament_lint_auto: 0.17.5 (/opt/ros/jazzy/share/ament_lint_auto/cmake)
[1.112s] -- Added test 'flake8' to check Python code syntax and style conventions
[1.112s] -- Configured 'flake8' exclude dirs and/or files: 
[1.113s] -- Added test 'lint_cmake' to check CMake code style
[1.114s] -- Added test 'pep257' to check Python code against some of the docstring style conventions in PEP 257
[1.116s] -- Added test 'xmllint' to check XML markup files
[1.118s] -- Configuring done (1.1s)
[1.122s] -- Generating done (0.0s)
[1.124s] -- Build files have been written to: /home/donfisto/gazebo_ws/build/fs_basic_robot
[1.133s] Invoked command in '/home/donfisto/gazebo_ws/build/fs_basic_robot' returned '0': CMAKE_PREFIX_PATH=${CMAKE_PREFIX_PATH}:/opt/ros/jazzy DEBUGINFOD_URLS=https://debuginfod.ubuntu.com /usr/bin/cmake /home/donfisto/gazebo_ws/src/fs_basic_robot -DAMENT_CMAKE_SYMLINK_INSTALL=1 -DCMAKE_INSTALL_PREFIX=/home/donfisto/gazebo_ws/install/fs_basic_robot
[1.133s] Invoking command in '/home/donfisto/gazebo_ws/build/fs_basic_robot': CMAKE_PREFIX_PATH=${CMAKE_PREFIX_PATH}:/opt/ros/jazzy DEBUGINFOD_URLS=https://debuginfod.ubuntu.com /usr/bin/cmake --build /home/donfisto/gazebo_ws/build/fs_basic_robot -- -j24 -l24
[1.188s] Invoked command in '/home/donfisto/gazebo_ws/build/fs_basic_robot' returned '0': CMAKE_PREFIX_PATH=${CMAKE_PREFIX_PATH}:/opt/ros/jazzy DEBUGINFOD_URLS=https://debuginfod.ubuntu.com /usr/bin/cmake --build /home/donfisto/gazebo_ws/build/fs_basic_robot -- -j24 -l24
[1.201s] Invoking command in '/home/donfisto/gazebo_ws/build/fs_basic_robot': CMAKE_PREFIX_PATH=${CMAKE_PREFIX_PATH}:/opt/ros/jazzy DEBUGINFOD_URLS=https://debuginfod.ubuntu.com /usr/bin/cmake --install /home/donfisto/gazebo_ws/build/fs_basic_robot
[1.212s] -- Install configuration: ""
[1.212s] -- Execute custom install script
[1.213s] -- Symlinking: /home/donfisto/gazebo_ws/install/fs_basic_robot/share/fs_basic_robot/launch/sim.launch.py
[1.225s] -- Symlinking: /home/donfisto/gazebo_ws/install/fs_basic_robot/share/fs_basic_robot/urdf/fs_basic_lidar.urdf
[1.236s] -- Symlinking: /home/donfisto/gazebo_ws/install/fs_basic_robot/share/ament_index/resource_index/package_run_dependencies/fs_basic_robot
[1.249s] -- Symlinking: /home/donfisto/gazebo_ws/install/fs_basic_robot/share/ament_index/resource_index/parent_prefix_path/fs_basic_robot
[1.261s] -- Symlinking: /home/donfisto/gazebo_ws/install/fs_basic_robot/share/fs_basic_robot/environment/ament_prefix_path.sh
[1.275s] -- Symlinking: /home/donfisto/gazebo_ws/install/fs_basic_robot/share/fs_basic_robot/environment/ament_prefix_path.dsv
[1.288s] -- Symlinking: /home/donfisto/gazebo_ws/install/fs_basic_robot/share/fs_basic_robot/environment/path.sh
[1.301s] -- Symlinking: /home/donfisto/gazebo_ws/install/fs_basic_robot/share/fs_basic_robot/environment/path.dsv
[1.313s] -- Symlinking: /home/donfisto/gazebo_ws/install/fs_basic_robot/share/fs_basic_robot/local_setup.bash
[1.324s] -- Symlinking: /home/donfisto/gazebo_ws/install/fs_basic_robot/share/fs_basic_robot/local_setup.sh
[1.336s] -- Symlinking: /home/donfisto/gazebo_ws/install/fs_basic_robot/share/fs_basic_robot/local_setup.zsh
[1.347s] -- Symlinking: /home/donfisto/gazebo_ws/install/fs_basic_robot/share/fs_basic_robot/local_setup.dsv
[1.358s] -- Symlinking: /home/donfisto/gazebo_ws/install/fs_basic_robot/share/fs_basic_robot/package.dsv
[1.369s] -- Symlinking: /home/donfisto/gazebo_ws/install/fs_basic_robot/share/ament_index/resource_index/packages/fs_basic_robot
[1.380s] -- Symlinking: /home/donfisto/gazebo_ws/install/fs_basic_robot/share/fs_basic_robot/cmake/fs_basic_robotConfig.cmake
[1.390s] -- Symlinking: /home/donfisto/gazebo_ws/install/fs_basic_robot/share/fs_basic_robot/cmake/fs_basic_robotConfig-version.cmake
[1.400s] -- Symlinking: /home/donfisto/gazebo_ws/install/fs_basic_robot/share/fs_basic_robot/package.xml
[1.412s] Invoked command in '/home/donfisto/gazebo_ws/build/fs_basic_robot' returned '0': CMAKE_PREFIX_PATH=${CMAKE_PREFIX_PATH}:/opt/ros/jazzy DEBUGINFOD_URLS=https://debuginfod.ubuntu.com /usr/bin/cmake --install /home/donfisto/gazebo_ws/build/fs_basic_robot
